<html>
<body>
<pre>
<h1>µVision Build Log</h1>
<h2>Tool Versions:</h2>
IDE-Version: µVision V5.38.0.0
Copyright (C) 2022 ARM Ltd and ARM Germany GmbH. All rights reserved.
License Information: timo sigiristsd, zhaw, LIC=----
 
Tool Versions:
Toolchain:       MDK-Lite  Version: 5.38.0.0
Toolchain Path:  C:\Keil_v5\ARM\ARMCLANG\Bin
C Compiler:      ArmClang.exe V6.19
Assembler:       Armasm.exe V6.19
Linker/Locator:  ArmLink.exe V6.19
Library Manager: ArmAr.exe V6.19
Hex Converter:   FromElf.exe V6.19
CPU DLL:         SARMCM3.DLL V5.38.0.0
Dialog DLL:      DARMCM1.DLL V1.19.6.0
Target DLL:      STLink\ST-LINKIII-KEIL_SWO.dll V3.1.0.0
Dialog DLL:      TARMCM1.DLL V1.14.6.0
 
<h2>Project:</h2>
C:\develop\Semester6\ct2\CT2 06 ADC\CT2 06 ADC\project\ADC.uvprojx
Project File Date:  04/13/2024

<h2>Output:</h2>
*** Using Compiler 'V6.19', folder: 'C:\Keil_v5\ARM\ARMCLANG\Bin'
Rebuild target 'Target 1'
compiling adc.c...
compiling hal_ct_lcd.c...
compiling hal_fmc.c...
compiling main.c...
assembling datainit_ctboard.s...
assembling startup_ctboard.s...
compiling system_ctboard.c...
compiling hal_pwr.c...
compiling hal_gpio.c...
compiling hal_rcc.c...
linking...
Program Size: Code=8636 RO-data=988 RW-data=0 ZI-data=8224  
".\build\ADC.axf" - 0 Error(s), 0 Warning(s).

<h2>Software Packages used:</h2>

Package Vendor: InES
                https://ennis.zhaw.ch/pack/InES.CTBoard14_DFP.4.0.4.pack
                InES.CTBoard14_DFP.4.0.4
                CT Board 14 (STM32F429ZI) Device Support
   * Component: Startup Version: 4.0.4
   * Component: LCD Version: 3.0.3
   * Component: FMC Version: 4.0.4
   * Component: GPIO Version: 4.0.4
   * Component: PWR Version: 4.0.4
   * Component: RCC Version: 4.0.4

<h2>Collection of Component include folders:</h2>
  ./RTE/_Target_1
  C:/Users/TEMP.TABLET-TRPP7MLB.006/AppData/Local/Arm/Packs/InES/CTBoard14_DFP/4.0.4/Device/Include
  C:/Users/TEMP.TABLET-TRPP7MLB.006/AppData/Local/Arm/Packs/InES/CTBoard14_DFP/4.0.4/Device/Include/m0
  C:/Users/TEMP.TABLET-TRPP7MLB.006/AppData/Local/Arm/Packs/InES/CTBoard14_DFP/4.0.4/HAL/Include

<h2>Collection of Component Files used:</h2>

   * Component: InES::Device:Startup:4.0.4
      Include file:  Device/Include/reg_stm32f4xx.h
      Source file:   Device/Source/startup_ctboard.s
      Include file:  Device/Include/reg_ctboard.h
      Include file:  Device/Include/system_ctboard.h
      Include file:  Device/Include/m0/platform_ctboard.h
      Source file:   Device/Source/system_ctboard.c
      Source file:   Device/Source/datainit_ctboard.s

   * Component: InES::HAL:CT Board:LCD:3.0.3
      Source file:   HAL/Source/hal_ct_lcd.c
      Include file:  Device/Include/reg_ctboard.h
      Include file:  HAL/Include/hal_ct_lcd.h

   * Component: InES::HAL:FMC:4.0.4
      Include file:  HAL/Include/hal_fmc.h
      Include file:  Device/Include/reg_stm32f4xx.h
      Include file:  HAL/Include/hal_common.h
      Source file:   HAL/Source/hal_fmc.c

   * Component: InES::HAL:GPIO:4.0.4
      Include file:  Device/Include/reg_stm32f4xx.h
      Include file:  HAL/Include/hal_common.h
      Include file:  HAL/Include/hal_gpio.h
      Source file:   HAL/Source/hal_gpio.c

   * Component: InES::HAL:PWR:4.0.4
      Include file:  HAL/Include/hal_common.h
      Include file:  HAL/Include/hal_pwr.h
      Include file:  Device/Include/reg_stm32f4xx.h
      Source file:   HAL/Source/hal_pwr.c

   * Component: InES::HAL:RCC:4.0.4
      Source file:   HAL/Source/hal_rcc.c
      Include file:  HAL/Include/hal_rcc.h
      Include file:  HAL/Include/hal_common.h
      Include file:  Device/Include/reg_stm32f4xx.h
Build Time Elapsed:  00:00:00
</pre>
</body>
</html>
